<html>
<body>
<pre>
<h1>礦ision Build Log</h1>
<h2>Tool Versions:</h2>
IDE-Version: μVision V5.24.2.0
Copyright (C) 2017 ARM Ltd and ARM Germany GmbH. All rights reserved.
License Information: 151 ROG, 453, LIC=----
 
Tool Versions:
Toolchain:       MDK-Lite  Version: 5.24.1
Toolchain Path:  F:\Keil_5\ARM\ARMCC\Bin
C Compiler:      Armcc.exe V5.06 update 5 (build 528)
Assembler:       Armasm.exe V5.06 update 5 (build 528)
Linker/Locator:  ArmLink.exe V5.06 update 5 (build 528)
Library Manager: ArmAr.exe V5.06 update 5 (build 528)
Hex Converter:   FromElf.exe V5.06 update 5 (build 528)
CPU DLL:         SARMCM3.DLL V5.24.1
Dialog DLL:      DCM.DLL V1.16.0.0
Target DLL:      CMSIS_AGDI.dll V1.28.3.0
Dialog DLL:      TCM.DLL V1.32.0.0
 
<h2>Project:</h2>
F:\WeChat上面下载的一些东西\WeChat Files\wxid_od4l32c8omyn22\FileStorage\File\2025-06\practice2\practice2\MDK-ARM\practice2.uvprojx
Project File Date:  06/02/2025

<h2>Output:</h2>
*** Using Compiler 'V5.06 update 5 (build 528)', folder: 'F:\Keil_5\ARM\ARMCC\Bin'
Build target 'practice2'
compiling stm32g4xx_ll_adc.c...
assembling startup_stm32g431xx.s...
compiling usart.c...
compiling stm32g4xx_hal_gpio.c...
compiling tim.c...
compiling gpio.c...
compiling stm32g4xx_hal_flash.c...
compiling adc.c...
compiling stm32g4xx_hal_flash_ex.c...
compiling stm32g4xx_hal_flash_ramfunc.c...
compiling stm32g4xx_hal_msp.c...
compiling stm32g4xx_hal_rcc_ex.c...
compiling stm32g4xx_it.c...
compiling main.c...
../code/tran.h(9): warning:  #1295-D: Deprecated declaration switch_range - give arg types
  void switch_range() ;
../Core/Src/main.c: 1 warning, 0 errors
compiling stm32g4xx_hal.c...
compiling stm32g4xx_hal_rcc.c...
compiling stm32g4xx_hal_adc_ex.c...
compiling stm32g4xx_hal_adc.c...
compiling stm32g4xx_hal_pwr.c...
compiling stm32g4xx_hal_exti.c...
compiling system_stm32g4xx.c...
compiling stm32g4xx_hal_cortex.c...
compiling stm32g4xx_hal_dma.c...
compiling key.c...
..\code\tran.h(9): warning:  #1295-D: Deprecated declaration switch_range - give arg types
  void switch_range() ;
..\code\key.c: 1 warning, 0 errors
compiling stm32g4xx_hal_pwr_ex.c...
compiling stm32g4xx_hal_dma_ex.c...
compiling i2c_hal.c...
compiling stm32g4xx_hal_tim_ex.c...
compiling stm32g4xx_hal_uart_ex.c...
compiling tran.c...
..\code\tran.h(9): warning:  #1295-D: Deprecated declaration switch_range - give arg types
  void switch_range() ;
..\code\tran.c(64): warning:  #188-D: enumerated type mixed with another type
      current_range = (VoltageRange)((uint8_t)current_range + 1) % (uint8_t)RANGE_COUNT;
..\code\tran.c: 2 warnings, 0 errors
compiling fun.c...
..\code\tran.h(9): warning:  #1295-D: Deprecated declaration switch_range - give arg types
  void switch_range() ;
..\code\fun.c: 1 warning, 0 errors
compiling lcd.c...
compiling stm32g4xx_hal_uart.c...
compiling stm32g4xx_hal_tim.c...
linking...
Program Size: Code=20866 RO-data=5306 RW-data=84 ZI-data=3228  
FromELF: creating hex file...
"practice2\practice2.axf" - 0 Error(s), 5 Warning(s).

<h2>Software Packages used:</h2>

Package Vendor: ARM
                http://www.keil.com/pack/ARM.CMSIS.5.0.1.pack
                ARM.CMSIS.5.0.1
                CMSIS (Cortex Microcontroller Software Interface Standard)
   * Component: CORE Version: 5.0.1

Package Vendor: Keil
                http://www.keil.com/pack/Keil.STM32G4xx_DFP.1.2.0.pack
                Keil.STM32G4xx_DFP.1.2.0
                STMicroelectronics STM32G4 Series Device Support, Drivers and Examples

<h2>Collection of Component include folders:</h2>
  .\RTE\_practice2
  F:\Keil_5\ARM\PACK\ARM\CMSIS\5.0.1\CMSIS\Include
  F:\Keil_5\ARM\PACK\Keil\STM32G4xx_DFP\1.2.0\Drivers\CMSIS\Device\ST\STM32G4xx\Include

<h2>Collection of Component Files used:</h2>

   * Component: ARM::CMSIS:CORE:5.0.1
Build Time Elapsed:  00:00:18
</pre>
</body>
</html>
